******************************************************************************
                  TI ARM Linker PC v16.9.0                     
******************************************************************************
>> Linked Wed Apr 26 13:24:36 2017

OUTPUT FILE NAME:   <door_freertos.out>
ENTRY POINT SYMBOL: "_c_int00"  address: 00001c29


MEMORY CONFIGURATION

         name            origin    length      used     unused   attr    fill
----------------------  --------  ---------  --------  --------  ----  --------
  FLASH                 00000000   00040000  000026f2  0003d90e  R  X
  SRAM                  20000000   00008000  00007951  000006af  RW X


SEGMENT ALLOCATION MAP

run origin  load origin   length   init length attrs members
----------  ----------- ---------- ----------- ----- -------
00000000    00000000    000026f8   000026f8    r-x
  00000000    00000000    0000026c   0000026c    r-- .intvecs
  0000026c    0000026c    00002296   00002296    r-x .text
  00002504    00002504    000001a8   000001a8    r-- .const
  000026b0    000026b0    00000048   00000048    r-- .cinit
20000000    20000000    00007951   00000000    rw-
  20000000    20000000    000076f4   00000000    rw- .bss
  200076f4    200076f4    00000200   00000000    rw- .stack
  200078f4    200078f4    0000005d   00000000    rw- .data


SECTION ALLOCATION MAP

 output                                  attributes/
section   page    origin      length       input sections
--------  ----  ----------  ----------   ----------------
.intvecs   0    00000000    0000026c     
                  00000000    0000026c     startup_ccs.obj (.intvecs)

.text      0    0000026c    00002296     
                  0000026c    000001ea     uartstdio.obj (.text:UARTvprintf)
                  00000456    00000132     driverlib.lib : gpio.obj (.text:GPIOPadConfigSet)
                  00000588    00000130     can.obj (.text:CANMessageSet)
                  000006b8    00000118     queue.obj (.text:xQueueGenericReceive)
                  000007d0    00000110     driverlib.lib : sysctl.obj (.text:SysCtlClockGet)
                  000008e0    00000104     tasks.obj (.text:xTaskGenericCreate)
                  000009e4    00000104     tasks.obj (.text:xTaskIncrementTick)
                  00000ae8    000000f4     driverlib.lib : sysctl.obj (.text:SysCtlClockSet)
                  00000bdc    000000e8     switch_task.obj (.text:SwitchTask)
                  00000cc4    000000e8     queue.obj (.text:xQueueGenericSend)
                  00000dac    000000e4     tasks.obj (.text:xTaskResumeAll)
                  00000e90    000000d2     portasm.obj (.text)
                  00000f62    00000002     startup_ccs.obj (.text:FaultISR)
                  00000f64    000000cc     can_task.obj (.text:CANTask)
                  00001030    000000ac     can_task.obj (.text:CANTaskInit)
                  000010dc    000000ac     heap_2.obj (.text:pvPortMalloc)
                  00001188    0000009c     rtsv7M4_T_le_v4SPD16_eabi.lib : memcpy_t2.obj (.text)
                  00001224    00000094     tasks.obj (.text:vTaskPriorityInherit)
                  000012b8    0000008c     buttons.obj (.text:ButtonsPoll)
                  00001344    0000008c     tasks.obj (.text:vTaskSwitchContext)
                  000013d0    00000084     tasks.obj (.text:vTaskDelayUntil)
                  00001454    00000084     queue.obj (.text:xQueueGenericReset)
                  000014d8    0000007c     tasks.obj (.text:xTaskPriorityDisinherit)
                  00001554    0000007a     rtsv7M4_T_le_v4SPD16_eabi.lib : memset_t2.obj (.text)
                  000015ce    00000002     startup_ccs.obj (.text:IntDefaultHandler)
                  000015d0    00000074     freertos_demo.obj (.text:main)
                  00001644    00000074     tasks.obj (.text:xTaskRemoveFromEventList)
                  000016b8    00000072     queue.obj (.text:prvCopyDataToQueue)
                  0000172a    00000002     startup_ccs.obj (.text:NmiSR)
                  0000172c    00000070     rtsv7M4_T_le_v4SPD16_eabi.lib : autoinit.obj (.text)
                  0000179c    0000006c     can.obj (.text:CANBitRateSet)
                  00001808    00000068     driverlib.lib : interrupt.obj (.text:IntEnable)
                  00001870    00000068     rtsv7M4_T_le_v4SPD16_eabi.lib : copy_decompress_lzss.obj (.text:decompress:lzss)
                  000018d8    00000064     freertos_demo.obj (.text:ConfigureUART)
                  0000193c    00000064     tasks.obj (.text:vTaskPlaceOnEventList)
                  000019a0    00000062     queue.obj (.text:prvUnlockQueue)
                  00001a02    00000002     rtsv7M4_T_le_v4SPD16_eabi.lib : i_div0.obj (.text)
                  00001a04    00000060     uartstdio.obj (.text:UARTStdioConfig)
                  00001a64    00000060     tasks.obj (.text:prvInitialiseTaskLists)
                  00001ac4    00000060     tasks.obj (.text:vTaskStartScheduler)
                  00001b24    00000058     tasks.obj (.text:prvCheckTasksWaitingTermination)
                  00001b7c    00000056     driverlib.lib : gpio.obj (.text:GPIOIntTypeSet)
                  00001bd2    00000054     tasks.obj (.text:prvInitialiseTCBVariables)
                  00001c26    00000002     rtsv7M4_T_le_v4SPD16_eabi.lib : mpu_init.obj (.text)
                  00001c28    00000054                                   : boot.obj (.text)
                  00001c7c    00000054                                   : exit.obj (.text)
                  00001cd0    00000054     tasks.obj (.text:xTaskCheckForTimeOut)
                  00001d24    00000050     switch_task.obj (.text:InitButtons)
                  00001d74    0000004c     tasks.obj (.text:prvAddCurrentTaskToDelayedList)
                  00001dc0    0000004c     rtsv7M4_T_le_v4SPD16_eabi.lib : cpy_tbl.obj (.text)
                  00001e0c    0000004c     queue.obj (.text:xQueueCreateMutex)
                  00001e58    00000048     driverlib.lib : gpio.obj (.text:GPIOPinConfigure)
                  00001ea0    00000048     switch_task.obj (.text:SwitchTaskInit)
                  00001ee8    00000048     uartstdio.obj (.text:UARTwrite)
                  00001f30    00000044     heap_2.obj (.text:vPortFree)
                  00001f74    00000040     can.obj (.text:CANStatusGet)
                  00001fb4    00000040     rtsv7M4_T_le_v4SPD16_eabi.lib : u_divt2.obj (.text)
                  00001ff4    00000040     port.obj (.text:xPortStartScheduler)
                  00002034    0000003c     can_task.obj (.text:CANIntHandler)
                  00002070    0000003c     queue.obj (.text:xQueueGenericCreate)
                  000020ac    0000003a     can.obj (.text:CANInit)
                  000020e6    0000003a     tasks.obj (.text:prvAllocateTCBAndStack)
                  00002120    00000038     list.obj (.text:vListInsert)
                  00002158    00000034     driverlib.lib : sysctl.obj (.text:SysCtlPeripheralEnable)
                  0000218c    00000030     heap_2.obj (.text:prvHeapInit)
                  000021bc    0000002c     port.obj (.text:xPortSysTickHandler)
                  000021e8    0000002a     driverlib.lib : gpio.obj (.text:GPIODirModeSet)
                  00002212    00000002     rtsv7M4_T_le_v4SPD16_eabi.lib : startup.obj (.text)
                  00002214    00000028     tasks.obj (.text:prvResetNextTaskUnblockTime)
                  0000223c    00000028     port.obj (.text:pxPortInitialiseStack)
                  00002264    00000026     queue.obj (.text:prvCopyDataFromQueue)
                  0000228a    00000024     can.obj (.text:_CANDataRegWrite)
                  000022ae    00000022     can.obj (.text:CANIntClear)
                  000022d0    00000020     can.obj (.text:CANIntStatus)
                  000022f0    00000020     list.obj (.text:uxListRemove)
                  00002310    0000001c     queue.obj (.text:prvIsQueueFull)
                  0000232c    0000001c     port.obj (.text:vPortEnterCritical)
                  00002348    0000001a     uartstdio.obj (.text:UARTprintf)
                  00002362    0000001a     queue.obj (.text:prvIsQueueEmpty)
                  0000237c    00000018     tasks.obj (.text:pvTaskIncrementMutexHeldCount)
                  00002394    00000018     rtsv7M4_T_le_v4SPD16_eabi.lib : args_main.obj (.text)
                  000023ac    00000018     list.obj (.text:vListInsertEnd)
                  000023c4    00000018     port.obj (.text:vPortExitCritical)
                  000023dc    00000018     tasks.obj (.text:vTaskSetTimeOutState)
                  000023f4    00000016     list.obj (.text:vListInitialise)
                  0000240a    00000002     freertos_demo.obj (.text:vApplicationStackOverflowHook)
                  0000240c    00000014     rtsv7M4_T_le_v4SPD16_eabi.lib : _lock.obj (.text)
                  00002420    00000014     port.obj (.text:vPortSetupTimerInterrupt)
                  00002434    00000012     driverlib.lib : gpio.obj (.text:GPIOPinTypeCAN)
                  00002446    00000012                   : gpio.obj (.text:GPIOPinTypeGPIOInput)
                  00002458    00000012     tasks.obj (.text:prvDeleteTCB)
                  0000246a    00000010     port.obj (.text:prvTaskExitError)
                  0000247a    00000002     --HOLE-- [fill = 0]
                  0000247c    00000010     tasks.obj (.text:vTaskSuspendAll)
                  0000248c    0000000e     driverlib.lib : gpio.obj (.text:GPIOIntStatus)
                  0000249a    0000000e     rtsv7M4_T_le_v4SPD16_eabi.lib : copy_decompress_none.obj (.text:decompress:none)
                  000024a8    0000000c                                   : copy_zero_init.obj (.text:decompress:ZI)
                  000024b4    0000000c     tasks.obj (.text:vTaskMissedYield)
                  000024c0    0000000c     tasks.obj (.text:xTaskGetTickCount)
                  000024cc    0000000a     can.obj (.text:CANEnable)
                  000024d6    00000008     can.obj (.text:CANIntEnable)
                  000024de    00000008     tasks.obj (.text:prvIdleTask)
                  000024e6    00000006     startup_ccs.obj (.text:ResetISR)
                  000024ec    00000006     driverlib.lib : sysctl.obj (.text:SysCtlDelay)
                  000024f2    00000006                   : uart.obj (.text:UARTClockSourceSet)
                  000024f8    00000006     list.obj (.text:vListInitialiseItem)
                  000024fe    00000004     rtsv7M4_T_le_v4SPD16_eabi.lib : pre_init.obj (.text)

.const     0    00002504    000001a8     
                  00002504    00000090     driverlib.lib : gpio.obj (.const:g_pui32GPIOBaseAddrs)
                  00002594    00000070                   : interrupt.obj (.const)
                  00002604    0000006c                   : sysctl.obj (.const:g_pui32Xtals)
                  00002670    00000020     can.obj (.const:g_ui16CANBitValues)
                  00002690    0000000c     uartstdio.obj (.const:g_ui32UARTBase)
                  0000269c    0000000c     uartstdio.obj (.const:g_ui32UARTPeriph)
                  000026a8    00000004     port.obj (.const)

.cinit     0    000026b0    00000048     
                  000026b0    0000001d     (.cinit..data.load) [load image, compression = lzss]
                  000026cd    00000003     --HOLE-- [fill = 0]
                  000026d0    0000000c     (__TI_handler_table)
                  000026dc    00000004     --HOLE-- [fill = 0]
                  000026e0    00000008     (.cinit..bss.load) [load image, compression = zero_init]
                  000026e8    00000010     (__TI_cinit_table)

.init_array 
*          0    00000000    00000000     UNINITIALIZED

.bss       0    20000000    000076f4     UNINITIALIZED
                  20000000    00007530     heap_2.obj (.bss:ucHeap)
                  20007530    00000140     tasks.obj (.bss:pxReadyTasksLists)
                  20007670    00000014     tasks.obj (.bss:xDelayedTaskList1)
                  20007684    00000014     tasks.obj (.bss:xDelayedTaskList2)
                  20007698    00000014     tasks.obj (.bss:xPendingReadyList)
                  200076ac    00000014     tasks.obj (.bss:xSuspendedTaskList)
                  200076c0    00000014     tasks.obj (.bss:xTasksWaitingTermination)
                  200076d4    00000008     tasks.obj (.bss)
                  200076dc    00000008     heap_2.obj (.bss:xEnd)
                  200076e4    00000008     heap_2.obj (.bss:xStart)
                  200076ec    00000004     (.common:g_pCANQueue)
                  200076f0    00000004     (.common:g_pUARTSemaphore)

.stack     0    200076f4    00000200     UNINITIALIZED
                  200076f4    00000200     --HOLE--

.data      0    200078f4    0000005d     UNINITIALIZED
                  200078f4    00000030     tasks.obj (.data)
                  20007924    0000000c     rtsv7M4_T_le_v4SPD16_eabi.lib : exit.obj (.data:$O1$$)
                  20007930    00000008                                   : _lock.obj (.data:$O1$$)
                  20007938    00000008     heap_2.obj (.data)
                  20007940    00000005     uartstdio.obj (.data)
                  20007945    00000003     buttons.obj (.data)
                  20007948    00000004     port.obj (.data)
                  2000794c    00000004     rtsv7M4_T_le_v4SPD16_eabi.lib : stkdepth_vars.obj (.data)
                  20007950    00000001     can_task.obj (.data)

MODULE SUMMARY

       Module                     code   ro data   rw data
       ------                     ----   -------   -------
    .\
       can.obj                    654    32        0      
       startup_ccs.obj            12     620       0      
       can_task.obj               436    0         5      
       switch_task.obj            384    0         0      
       freertos_demo.obj          218    0         4      
    +--+--------------------------+------+---------+---------+
       Total:                     1704   652       9      
                                                          
    .\drivers\
       buttons.obj                140    0         3      
    +--+--------------------------+------+---------+---------+
       Total:                     140    0         3      
                                                          
    .\third_party\FreeRTOS\Source\
       tasks.obj                  2244   0         476    
       queue.obj                  1084   0         0      
       list.obj                   140    0         0      
    +--+--------------------------+------+---------+---------+
       Total:                     3468   0         476    
                                                          
    .\third_party\FreeRTOS\Source\portable\CCS\ARM_CM4F\
       port.obj                   236    4         4      
       portasm.obj                210    0         0      
    +--+--------------------------+------+---------+---------+
       Total:                     446    4         4      
                                                          
    .\third_party\FreeRTOS\Source\portable\MemMang\
       heap_2.obj                 288    0         30024  
    +--+--------------------------+------+---------+---------+
       Total:                     288    0         30024  
                                                          
    .\utils\
       uartstdio.obj              684    24        5      
    +--+--------------------------+------+---------+---------+
       Total:                     684    24        5      
                                                          
    C:/ti/TivaWare_C_Series-2.1.2.111/driverlib/ccs/Debug/driverlib.lib
       gpio.obj                   556    144       0      
       sysctl.obj                 574    108       0      
       interrupt.obj              104    112       0      
       uart.obj                   6      0         0      
    +--+--------------------------+------+---------+---------+
       Total:                     1240   364       0      
                                                          
    C:\ti\ccsv7\tools\compiler\ti-cgt-arm_16.9.0.LTS\lib\rtsv7M4_T_le_v4SPD16_eabi.lib
       memcpy_t2.obj              156    0         0      
       memset_t2.obj              122    0         0      
       autoinit.obj               112    0         0      
       copy_decompress_lzss.obj   104    0         0      
       exit.obj                   84     0         12     
       boot.obj                   84     0         0      
       cpy_tbl.obj                76     0         0      
       u_divt2.obj                64     0         0      
       _lock.obj                  20     0         8      
       args_main.obj              24     0         0      
       copy_decompress_none.obj   14     0         0      
       copy_zero_init.obj         12     0         0      
       pre_init.obj               4      0         0      
       stkdepth_vars.obj          0      0         4      
       i_div0.obj                 2      0         0      
       mpu_init.obj               2      0         0      
       startup.obj                2      0         0      
    +--+--------------------------+------+---------+---------+
       Total:                     882    0         24     
                                                          
       Stack:                     0      0         512    
       Linker Generated:          0      65        0      
    +--+--------------------------+------+---------+---------+
       Grand Total:               8852   1109      31057  


LINKER GENERATED COPY TABLES

__TI_cinit_table @ 000026e8 records: 2, size/record: 8, table size: 16
	.data: load addr=000026b0, load size=0000001d bytes, run addr=200078f4, run size=0000005d bytes, compression=lzss
	.bss: load addr=000026e0, load size=00000008 bytes, run addr=20000000, run size=000076f4 bytes, compression=zero_init


LINKER GENERATED HANDLER TABLE

__TI_handler_table @ 000026d0 records: 3, size/record: 4, table size: 12
	index: 0, handler: __TI_decompress_lzss
	index: 1, handler: __TI_decompress_none
	index: 2, handler: __TI_zero_init


GLOBAL SYMBOLS: SORTED ALPHABETICALLY BY Name 

address   name                           
-------   ----                           
000012b9  ButtonsPoll                    
00001c7d  C$$EXIT                        
0000179d  CANBitRateSet                  
000024cd  CANEnable                      
000020ad  CANInit                        
000022af  CANIntClear                    
000024d7  CANIntEnable                   
00002035  CANIntHandler                  
000022d1  CANIntStatus                   
00000589  CANMessageSet                  
00001f75  CANStatusGet                   
00000f65  CANTask                        
00001031  CANTaskInit                    
000018d9  ConfigureUART                  
000021e9  GPIODirModeSet                 
0000248d  GPIOIntStatus                  
00001b7d  GPIOIntTypeSet                 
00000457  GPIOPadConfigSet               
00001e59  GPIOPinConfigure               
00002435  GPIOPinTypeCAN                 
00002447  GPIOPinTypeGPIOInput           
00001d25  InitButtons                    
00001809  IntEnable                      
000024e7  ResetISR                       
UNDEFED   SHT$$INIT_ARRAY$$Base          
UNDEFED   SHT$$INIT_ARRAY$$Limit         
00001ea1  SwitchTaskInit                 
000007d1  SysCtlClockGet                 
00000ae9  SysCtlClockSet                 
000024ed  SysCtlDelay                    
00002159  SysCtlPeripheralEnable         
000024f3  UARTClockSourceSet             
00001a05  UARTStdioConfig                
00002349  UARTprintf                     
0000026d  UARTvprintf                    
00001ee9  UARTwrite                      
200078f4  __STACK_END                    
00000200  __STACK_SIZE                   
200078f4  __STACK_TOP                    
000026e8  __TI_CINIT_Base                
000026f8  __TI_CINIT_Limit               
000026d0  __TI_Handler_Table_Base        
000026dc  __TI_Handler_Table_Limit       
0000172d  __TI_auto_init                 
20007924  __TI_cleanup_ptr               
00001871  __TI_decompress_lzss           
0000249b  __TI_decompress_none           
20007928  __TI_dtors_ptr                 
2000792c  __TI_enable_exit_profile_output
ffffffff  __TI_pprof_out_hndl            
ffffffff  __TI_prof_data_size            
ffffffff  __TI_prof_data_start           
00000000  __TI_static_base__             
000024a9  __TI_zero_init                 
00001a03  __aeabi_idiv0                  
00001555  __aeabi_memclr                 
00001555  __aeabi_memclr4                
00001555  __aeabi_memclr8                
00001189  __aeabi_memcpy                 
00001189  __aeabi_memcpy4                
00001189  __aeabi_memcpy8                
00001557  __aeabi_memset                 
00001557  __aeabi_memset4                
00001557  __aeabi_memset8                
00001fb5  __aeabi_uidiv                  
00001fb5  __aeabi_uidivmod               
ffffffff  __binit__                      
ffffffff  __c_args__                     
00001c27  __mpu_init                     
200076f4  __stack                        
00002395  _args_main                     
00001c29  _c_int00                       
20007930  _lock                          
0000241b  _nop                           
00002413  _register_lock                 
0000240d  _register_unlock               
00002213  _system_post_cinit             
000024ff  _system_pre_init               
20007934  _unlock                        
00001c81  abort                          
ffffffff  binit                          
00001dc1  copy_in                        
00001c89  exit                           
20007950  g_bErrFlag                     
200076ec  g_pCANQueue                    
200076f0  g_pUARTSemaphore               
00000000  g_pfnVectors                   
000015d1  main                           
2000794c  main_func_sp                   
00001189  memcpy                         
0000155d  memset                         
000010dd  pvPortMalloc                   
0000237d  pvTaskIncrementMutexHeldCount  
200078f4  pxCurrentTCB                   
0000223d  pxPortInitialiseStack          
000026a8  ulMaxSyscallInterruptPriority  
00000ea1  ulPortGetIPSR                  
000022f1  uxListRemove                   
0000240b  vApplicationStackOverflowHook  
000023f5  vListInitialise                
000024f9  vListInitialiseItem            
00002121  vListInsert                    
000023ad  vListInsertEnd                 
00000f55  vPortEnableVFP                 
0000232d  vPortEnterCritical             
000023c5  vPortExitCritical              
00001f31  vPortFree                      
00000f19  vPortSVCHandler                
00002421  vPortSetupTimerInterrupt       
00000f39  vPortStartFirstTask            
000013d1  vTaskDelayUntil                
000024b5  vTaskMissedYield               
0000193d  vTaskPlaceOnEventList          
00001225  vTaskPriorityInherit           
000023dd  vTaskSetTimeOutState           
00001ac5  vTaskStartScheduler            
0000247d  vTaskSuspendAll                
00001345  vTaskSwitchContext             
00000eb9  xPortPendSVHandler             
00001ff5  xPortStartScheduler            
000021bd  xPortSysTickHandler            
00001e0d  xQueueCreateMutex              
00002071  xQueueGenericCreate            
000006b9  xQueueGenericReceive           
00001455  xQueueGenericReset             
00000cc5  xQueueGenericSend              
00001cd1  xTaskCheckForTimeOut           
000008e1  xTaskGenericCreate             
000024c1  xTaskGetTickCount              
000009e5  xTaskIncrementTick             
000014d9  xTaskPriorityDisinherit        
00001645  xTaskRemoveFromEventList       
00000dad  xTaskResumeAll                 


GLOBAL SYMBOLS: SORTED BY Symbol Address 

address   name                           
-------   ----                           
00000000  __TI_static_base__             
00000000  g_pfnVectors                   
00000200  __STACK_SIZE                   
0000026d  UARTvprintf                    
00000457  GPIOPadConfigSet               
00000589  CANMessageSet                  
000006b9  xQueueGenericReceive           
000007d1  SysCtlClockGet                 
000008e1  xTaskGenericCreate             
000009e5  xTaskIncrementTick             
00000ae9  SysCtlClockSet                 
00000cc5  xQueueGenericSend              
00000dad  xTaskResumeAll                 
00000ea1  ulPortGetIPSR                  
00000eb9  xPortPendSVHandler             
00000f19  vPortSVCHandler                
00000f39  vPortStartFirstTask            
00000f55  vPortEnableVFP                 
00000f65  CANTask                        
00001031  CANTaskInit                    
000010dd  pvPortMalloc                   
00001189  __aeabi_memcpy                 
00001189  __aeabi_memcpy4                
00001189  __aeabi_memcpy8                
00001189  memcpy                         
00001225  vTaskPriorityInherit           
000012b9  ButtonsPoll                    
00001345  vTaskSwitchContext             
000013d1  vTaskDelayUntil                
00001455  xQueueGenericReset             
000014d9  xTaskPriorityDisinherit        
00001555  __aeabi_memclr                 
00001555  __aeabi_memclr4                
00001555  __aeabi_memclr8                
00001557  __aeabi_memset                 
00001557  __aeabi_memset4                
00001557  __aeabi_memset8                
0000155d  memset                         
000015d1  main                           
00001645  xTaskRemoveFromEventList       
0000172d  __TI_auto_init                 
0000179d  CANBitRateSet                  
00001809  IntEnable                      
00001871  __TI_decompress_lzss           
000018d9  ConfigureUART                  
0000193d  vTaskPlaceOnEventList          
00001a03  __aeabi_idiv0                  
00001a05  UARTStdioConfig                
00001ac5  vTaskStartScheduler            
00001b7d  GPIOIntTypeSet                 
00001c27  __mpu_init                     
00001c29  _c_int00                       
00001c7d  C$$EXIT                        
00001c81  abort                          
00001c89  exit                           
00001cd1  xTaskCheckForTimeOut           
00001d25  InitButtons                    
00001dc1  copy_in                        
00001e0d  xQueueCreateMutex              
00001e59  GPIOPinConfigure               
00001ea1  SwitchTaskInit                 
00001ee9  UARTwrite                      
00001f31  vPortFree                      
00001f75  CANStatusGet                   
00001fb5  __aeabi_uidiv                  
00001fb5  __aeabi_uidivmod               
00001ff5  xPortStartScheduler            
00002035  CANIntHandler                  
00002071  xQueueGenericCreate            
000020ad  CANInit                        
00002121  vListInsert                    
00002159  SysCtlPeripheralEnable         
000021bd  xPortSysTickHandler            
000021e9  GPIODirModeSet                 
00002213  _system_post_cinit             
0000223d  pxPortInitialiseStack          
000022af  CANIntClear                    
000022d1  CANIntStatus                   
000022f1  uxListRemove                   
0000232d  vPortEnterCritical             
00002349  UARTprintf                     
0000237d  pvTaskIncrementMutexHeldCount  
00002395  _args_main                     
000023ad  vListInsertEnd                 
000023c5  vPortExitCritical              
000023dd  vTaskSetTimeOutState           
000023f5  vListInitialise                
0000240b  vApplicationStackOverflowHook  
0000240d  _register_unlock               
00002413  _register_lock                 
0000241b  _nop                           
00002421  vPortSetupTimerInterrupt       
00002435  GPIOPinTypeCAN                 
00002447  GPIOPinTypeGPIOInput           
0000247d  vTaskSuspendAll                
0000248d  GPIOIntStatus                  
0000249b  __TI_decompress_none           
000024a9  __TI_zero_init                 
000024b5  vTaskMissedYield               
000024c1  xTaskGetTickCount              
000024cd  CANEnable                      
000024d7  CANIntEnable                   
000024e7  ResetISR                       
000024ed  SysCtlDelay                    
000024f3  UARTClockSourceSet             
000024f9  vListInitialiseItem            
000024ff  _system_pre_init               
000026a8  ulMaxSyscallInterruptPriority  
000026d0  __TI_Handler_Table_Base        
000026dc  __TI_Handler_Table_Limit       
000026e8  __TI_CINIT_Base                
000026f8  __TI_CINIT_Limit               
200076ec  g_pCANQueue                    
200076f0  g_pUARTSemaphore               
200076f4  __stack                        
200078f4  __STACK_END                    
200078f4  __STACK_TOP                    
200078f4  pxCurrentTCB                   
20007924  __TI_cleanup_ptr               
20007928  __TI_dtors_ptr                 
2000792c  __TI_enable_exit_profile_output
20007930  _lock                          
20007934  _unlock                        
2000794c  main_func_sp                   
20007950  g_bErrFlag                     
ffffffff  __TI_pprof_out_hndl            
ffffffff  __TI_prof_data_size            
ffffffff  __TI_prof_data_start           
ffffffff  __binit__                      
ffffffff  __c_args__                     
ffffffff  binit                          
UNDEFED   SHT$$INIT_ARRAY$$Base          
UNDEFED   SHT$$INIT_ARRAY$$Limit         

[133 symbols]
